0000              1   ; ISR_example.asm: a) Increments/decrements a BCD variable every half second using
0000              2   ; an ISR for timer 2; b) Generates a 2kHz square wave at pin P3.7 using
0000              3   ; an ISR for timer 0; and c) in the 'main' loop it displays the variable
0000              4   ; incremented/decremented using the ISR for timer 2 on the LCD.  Also resets it to 
0000              5   ; zero if the 'CLEAR' pushbutton connected to P1.7 is pressed.
                  7   $LIST
0000              9   
0000             10   CLK           EQU 7373000  ; Microcontroller system crystal frequency in Hz
0000             11   TIMER0_RATE   EQU 4096     ; 2048Hz squarewave (peak amplitude of CEM-1203 speaker)
0000             12   TIMER0_RELOAD EQU ((65536-(CLK/(2*TIMER0_RATE))))
0000             13   TIMER1_RATE   EQU 100     ; 100Hz, for a timer tick of 10ms
0000             14   TIMER1_RELOAD EQU ((65536-(CLK/(2*TIMER1_RATE))))
0000             15   
0000             16   CLEAR         equ P1.7
0000             17   SOUND_OUT     equ P2.7
0000             18   UPDOWN        equ P2.4
0000             19   
0000             20   ; Reset vector
0000             21   org 0x0000
0000 02014B      22       ljmp main
0003             23   
0003             24   ; External interrupt 0 vector (not used in this code)
0003             25   org 0x0003
0003 32          26            reti
0004             27   
0004             28   ; Timer/Counter 0 overflow interrupt vector
000B             29   org 0x000B
000B 0200FD      30            ljmp Timer0_ISR
000E             31   
000E             32   ; External interrupt 1 vector (not used in this code)
0013             33   org 0x0013
0013 32          34            reti
0014             35   
0014             36   ; Timer/Counter 1 overflow interrupt vector
001B             37   org 0x001B
001B 02011B      38            ljmp Timer1_ISR
001E             39   
001E             40   ; Serial port receive/transmit interrupt vector (not used in this code)
0023             41   org 0x0023 
0023 32          42            reti
0024             43   
0024             44   ; In the 8051 we can define direct access variables starting at location 0x30 up to location 0x7F
0030             45   dseg at 0x30
0030             46   Count10ms:    ds 1 ; Used to determine when half second has passed
0031             47   BCD_counter:  ds 1 ; The BCD counter incrememted in the ISR and displayed in the main loop
0032             48   
0032             49   ; In the 8051 we have variables that are 1-bit in size.  We can use the setb, clr, jb, and jnb
0032             50   ; instructions with these variables.  This is how you define a 1-bit variable:
0000             51   bseg
0000             52   half_seconds_flag: dbit 1 ; Set to one in the ISR every time 500 ms had passed
0001             53   
0024             54   cseg
0024             55   ; These 'equ' must match the wiring between the microcontroller and the LCD!
0024             56   LCD_RS equ P0.7
0024             57   LCD_RW equ P3.0
0024             58   LCD_E  equ P3.1
0024             59   LCD_D4 equ P2.0
0024             60   LCD_D5 equ P2.1
0024             61   LCD_D6 equ P2.2
0024             62   LCD_D7 equ P2.3
                 64   	$LIST
00D9             66   
00D9             67   ;                     1234567890123456    <- This helps determine the location of the counter
00D9 4243445F    68   Initial_Message:  db 'BCD_counter: xx ', 0
     636F756E
     7465723A
     20787820
     00
00EA             69   
00EA             70   ;---------------------------------;
00EA             71   ; Routine to initialize the ISR   ;
00EA             72   ; for timer 0                     ;
00EA             73   ;---------------------------------;
00EA             74   Timer0_Init:
00EA E589        75            mov a, TMOD
00EC 54F0        76            anl a, #0xf0 ; Clear the bits for timer 0
00EE 4401        77            orl a, #0x01 ; Configure timer 0 as 16-timer
00F0 F589        78            mov TMOD, a
00F2 758CFC      79            mov TH0, #high(TIMER0_RELOAD)
00F5 758A7C      80            mov TL0, #low(TIMER0_RELOAD)
00F8             81            ; Enable the timer and interrupts
00F8 D2A9        82       setb ET0  ; Enable timer 0 interrupt
00FA D28C        83       setb TR0  ; Start timer 0
00FC 22          84            ret
00FD             85   
00FD             86   ;---------------------------------;
00FD             87   ; ISR for timer 0.  Set to execute;
00FD             88   ; every 1/4096Hz to generate a    ;
00FD             89   ; 2048 Hz square wave at pin P3.7 ;
00FD             90   ;---------------------------------;
00FD             91   Timer0_ISR:
00FD 758CFC      92            mov TH0, #high(TIMER0_RELOAD)
0100 758A7C      93            mov TL0, #low(TIMER0_RELOAD)
0103 B2A7        94            cpl SOUND_OUT ; Connect speaker to this pin
0105 32          95            reti
0106             96   
0106             97   ;---------------------------------;
0106             98   ; Routine to initialize the ISR   ;
0106             99   ; for timer 1                     ;
0106            100   ;---------------------------------;
0106            101   Timer1_Init:
0106 E589       102            mov a, TMOD
0108 540F       103            anl a, #0x0f ; Clear the bits for timer 1
010A 4410       104            orl a, #0x10 ; Configure timer 1 as 16-timer
010C F589       105            mov TMOD, a
010E 758D6F     106            mov TH1, #high(TIMER1_RELOAD)
0111 758BFF     107            mov TL1, #low(TIMER1_RELOAD)
0114            108            ; Enable the timer and interrupts
0114 D2AB       109       setb ET1  ; Enable timer 1 interrupt
0116 D28E       110       setb TR1  ; Start timer 1
0118 22         111            ret
0119            112            
0119            113   Do_Nothing:
0119 00         114            NOP
011A 22         115            ret
011B            116   
011B            117   ;---------------------------------;
011B            118   ; ISR for timer 1                 ;
011B            119   ;---------------------------------;
011B            120   Timer1_ISR:
011B 758D6F     121            mov TH1, #high(TIMER1_RELOAD)
011E 758BFF     122            mov TL1, #low(TIMER1_RELOAD)
0121 B2A6       123            cpl P2.6 ; To check the interrupt rate with oscilloscope. It must be precisely a 10 ms pulse.
0123            124            
0123            125            ; The two registers used in the ISR must be saved in the stack
0123 C0E0       126            push acc
0125 C0D0       127            push psw
0127            128            
0127            129            ; Increment the 8-bit 10-mili-second counter
0127 0530       130            inc Count10ms
0129            131   
0129            132   Inc_Done:
0129            133            ; Check if half second has passed
0129 E530       134            mov a, Count10ms
012B B43218     135            cjne a, #50, Timer1_ISR_done ; Warning: this instruction changes the carry flag!
012E            136            
012E 120119     137            lcall Do_Nothing
0131            138            
0131            139            ; 500 milliseconds have passed.  Set a flag so the main program knows
0131 D200       140            setb half_seconds_flag ; Let the main program know half second had passed
0133 B28C       141            cpl TR0 ; Enable/disable timer/counter 0. This line creates a beep-silence-beep-silence sound.
0135            142            ; Reset to zero the 10-milli-seconds counter, it is a 8-bit variable
0135 753000     143            mov Count10ms, #0
0138            144            ; Increment the BCD counter
0138 E531       145            mov a, BCD_counter
013A 30A404     146            jnb UPDOWN, Timer1_ISR_decrement
013D 2401       147            add a, #0x01
013F 8002       148            sjmp Timer1_ISR_da
0141            149   Timer1_ISR_decrement:
0141 2499       150            add a, #0x99 ; Adding the 10-complement of -1 is like subtracting 1.
0143            151   Timer1_ISR_da:
0143 D4         152            da a ; Decimal adjust instruction.  Check datasheet for more details!
0144 F531       153            mov BCD_counter, a
0146            154            
0146            155   Timer1_ISR_done:
0146 D0D0       156            pop psw
0148 D0E0       157            pop acc
014A 32         158            reti
014B            159   
014B            160   ;---------------------------------;
014B            161   ; Main program. Includes hardware ;
014B            162   ; initialization and 'forever'    ;
014B            163   ; loop.                           ;
014B            164   ;---------------------------------;
014B            165   main:
014B            166            ; Initialization
014B 75817F     167       mov SP, #0x7F
014E 1200EA     168       lcall Timer0_Init
0151 120106     169       lcall Timer1_Init
0154            170       ; Configure all the ports in bidirectional mode:
0154 758400     171       mov P0M1, #00H
0157 758500     172       mov P0M2, #00H
015A 759100     173       mov P1M1, #00H
015D 759200     174       mov P1M2, #00H ; WARNING: P1.2 and P1.3 need 1kohm pull-up resistors!
0160 75A400     175       mov P2M1, #00H
0163 75A500     176       mov P2M2, #00H
0166 75B100     177       mov P3M1, #00H
0169 75B200     178       mov P3M2, #00H
016C D2AF       179       setb EA   ; Enable Global interrupts
016E 12007C     180       lcall LCD_4BIT
0171            181       ; For convenience a few handy macros are included in 'LCD_4bit_LPC9351.inc':
0171 C0E0       182            push acc
0173 7401       182            mov a, #1
0175 14         182            dec a
0176 1200BE     182            lcall ?Set_Cursor_1 ; Select column and row
0179 D0E0       182            pop acc
017B C083       183            push dph
017D C082       183            push dpl
017F C0E0       183            push acc
0181 9000D9     183            mov dptr, #Initial_Message
0184 1200B1     183            lcall ?Send_Constant_String
0187 D0E0       183            pop acc
0189 D082       183            pop dpl
018B D083       183            pop dph
018D D200       184       setb half_seconds_flag
018F 753100     185            mov BCD_counter, #0x00
0192            186            
0192            187            ; After initialization the program stays in this 'forever' loop
0192            188   loop:
0192 20971A     189            jb CLEAR, loop_a  ; if the 'CLEAR' button is not pressed skip
0195 C002       190            push AR2
0197 7A32       190            mov R2, #50
0199 12002D     190            lcall ?Wait_Milli_Seconds
019C D002       190            pop AR2         ; Debounce delay.  This macro is also in 'LCD_4bit_LPC9351.inc'
019E 20970E     191            jb CLEAR, loop_a  ; if the 'CLEAR' button is not pressed skip
01A1 3097FD     192            jnb CLEAR, $            ; Wait for button release.  The '$' means: jump to same instruction.
01A4            193            ; A valid press of the 'CLEAR' button has been detected, reset the BCD counter.
01A4            194            ; But first stop timer 2 and reset the milli-seconds counter, to resync everything.
01A4 C28E       195            clr TR1                 ; Stop timer 1
01A6 E4         196            clr a
01A7 F530       197            mov Count10ms, a
01A9            198            ; Now clear the BCD counter
01A9 F531       199            mov BCD_counter, a
01AB D28E       200            setb TR1                ; Start timer 1
01AD 8003       201            sjmp loop_b             ; Display the new value
01AF            202   loop_a:
01AF 3000E0     203            jnb half_seconds_flag, loop
01B2            204   loop_b:
01B2 C200       205       clr half_seconds_flag ; We clear this flag in the main loop, but it is set in the ISR for timer 2
01B4 C0E0       206            push acc
01B6 740E       206            mov a, #14
01B8 14         206            dec a
01B9 1200BE     206            lcall ?Set_Cursor_1 ; Select column and row
01BC D0E0       206            pop acc     ; the place in the LCD where we want the BCD counter value
01BE C000       207            push ar0
01C0 A831       207            mov r0, BCD_counter
01C2 1200C3     207            lcall ?Display_BCD
01C5 D000       207            pop ar0 ; This macro is also in 'LCD_4bit_LPC9351.inc'
01C7 020192     208       ljmp loop
01CA            209   END
