0000              1   
0000              2   ; Connections:
0000              3   ; 
0000              4   ; P89LPC9351  SPI_FLASH
0000              5   ; P2.5        Pin 6 (SPI_CLK)
0000              6   ; P2.2        Pin 5 (MOSI)
0000              7   ; P2.3        Pin 2 (MISO)
0000              8   ; P2.4        Pin 1 (CS/)
0000              9   ; GND         Pin 4
0000             10   ; 3.3V        Pins 3, 7, 8
0000             11   ;
0000             12   ; P0.4 is the DAC output which should be connected to the input of an amplifier (LM386 or similar)
0000             13   
                 15   $LIST
0000             17   
0000             18   
0000             19   CLK         EQU 14746000  ; Microcontroller system clock frequency in Hz
0000             20   CCU_RATE    EQU 22050     ; 22050Hz is the sampling rate of the wav file we are playing
0000             21   CCU_RELOAD  EQU ((65536-((CLK/(4*CCU_RATE)))))
0000             22   BAUD        EQU 115200
0000             23   BRVAL       EQU ((CLK/BAUD)-16)
0000             24   
0000             25   FLASH_CE    EQU P2.4
0000             26   READ_BYTES       EQU 0x03  ; Address:3 Dummy:0 Num:1 to infinite
0000             27   
0000             28   number_off_set EQU 17200 ;the distance between each number
0000             29   ;number start at ff
0000             30   
0000             31   ;starting addressed of different sound tracks
0000             32   decimal_start  EQU 360000
0000             33   decimal_off_set EQU 24100
0000             34   decimal_playtime EQU 50000
0000             35   
0000             36   special_dec_start EQU 174000 ;numbers from 10 to 19
0000             37   special_off_set EQU 21500
0000             38   special_playtime EQU 21500;19000
0000             39   
0000             40   hundreds_start EQU 563000
0000             41   hundreds_off_set EQU 37000
0000             42   
0000             43   current_temp_is_start EQU 674000
0000             44   current_temp_playtime EQU 35000
0000             45   
0000             46   degree_start EQU 710000
0000             47   degree_playtime EQU 11018
0000             48   
0000             49   celsius_start EQU 732236
0000             50   celsius_playtime EQU 17000
0000             51   
0000             52   current_process_is_start EQU 757000
0000             53   current_process_is_playtime EQU 27000
0000             54            
0000             55   ramp_to_soak_start EQU 790000
0000             56   ramp_to_soak_playtime EQU 25000
0000             57   
0000             58   preheat_and_soak_start EQU 822000
0000             59   preheat_and_soak_playtime EQU 27000
0000             60   
0000             61   ramp_to_peak_start EQU 857000
0000             62   ramp_to_peak_playtime EQU 19000
0000             63   
0000             64   reflow_start EQU 885000
0000             65   reflow_playtime EQU 15000
0000             66   
0000             67   cooling_start EQU 906000
0000             68   cooling_playtime EQU 14000
0000             69   
0030             70   dseg at 30H
0030             71            w:   ds 3 ; 24-bit play counter.  Decremented in CCU ISR.
0033             72            number: ds 1;
0034             73            x: ds 4;
0038             74            y: ds 4;
003C             75            bcd: ds 5;
0041             76            digits: ds 1;
0042             77            tenth: ds 1;
0043             78            individual_offest: ds 1;
0044             79   
0000             80   BSEG
0000             81            mf: dbit 1
0001             82            nodigit: dbit 1 ; if playing from 10 to 19 then we don't need to
0002             83                                            ;play the last digit
0002             84            skiphundred: dbit 1
0003             85            skiptenth: dbit 1
0000             86   cseg
0000             87   
0000             88   org 0x0000 ; Reset vector
0000 020759      89       ljmp MainProgram
0003             90   
0003             91   org 0x0003 ; External interrupt 0 vector (not used in this code)
0003 32          92            reti
0004             93   
000B             94   org 0x000B ; Timer/Counter 0 overflow interrupt vector (not used in this code)
000B 32          95            reti
000C             96   
0013             97   org 0x0013 ; External interrupt 1 vector (not used in this code)
0013 32          98            reti
0014             99   
001B            100   org 0x001B ; Timer/Counter 1 overflow interrupt vector (not used in this code
001B 32         101            reti
001C            102   
0023            103   org 0x0023 ; Serial port receive/transmit interrupt vector (not used in this code)
0023 32         104            reti
0024            105   
005B            106   org 0x005b ; CCU interrupt vector.  Used in this code to replay the wave file.
005B 0202E5     107            ljmp CCU_ISR
005E            108   
                 -1   $include(math32.inc)
                546   $LIST
                 -1   $include(num.inc)
                526   $LIST
0759            111   
0759            112   
0759            113   MainProgram:
0759 75817F     114       mov SP, #0x7F
075C            115       
075C 120316     116       lcall Ports_Init ; Default all pins as bidirectional I/O. See Table 42.
075F            117       ;lcall Double_Clk
075F 12033F     118            lcall InitSerialPort
0762 120355     119            lcall InitDAC ; Call after 'Ports_Init
0765 1202CE     120            lcall CCU_Init
0768 12036D     121            lcall Init_SPI
076B            122            
076B C2C8       123            clr TMOD20 ; Stop CCU timer
076D D2AF       124            setb EA ; Enable global interrupts.
076F            125   
076F 753300     126            mov number, #0x0 ;;not needed
0772 754300     127            mov individual_offest, #0x0
0775 C201       128            clr nodigit
0777 C202       129            clr skiphundred
0779 C203       130            clr skiptenth
077B            131            
077B            132   forever_loop: ;if pressed reset everyting
077B 20B0FD     133            jb P3.0, forever_loop ; Check if push-button pressed
077E 30B0FD     134            jnb P3.0, $ ; Wait for push-button release
0781            135   
0781 120674     136            lcall current_process_is
0784 120693     137            lcall ramp_to_soak
0787 120614     138            lcall current_temp_is
078A 7533DE     139            mov number, #222 ;240
078D 1205F7     140            lcall playnumbers
0790 120636     141            lcall degree
0793 120655     142            lcall celsius
0796            143            
0796 120674     144            lcall current_process_is
0799 1206F0     145            lcall reflow
079C 120614     146            lcall current_temp_is
079F 75338C     147            mov number, #140 ;240
07A2 1205F7     148            lcall playnumbers
07A5 120636     149            lcall degree
07A8 120655     150            lcall celsius
07AB            151   
07AB 75338C     152            mov number, #140 ;240
07AE 1205F7     153            lcall playnumbers
07B1            154   
07B1 75339A     155            mov number, #154 ;240
07B4 1205F7     156            lcall playnumbers
07B7            157   
07B7 7533A5     158            mov number, #165 ;240
07BA 1205F7     159            lcall playnumbers
07BD            160   
07BD 7533B0     161            mov number, #176 ;240
07C0 1205F7     162            lcall playnumbers
07C3            163   
07C3 7533BB     164            mov number, #187 ;240
07C6 1205F7     165            lcall playnumbers
07C9            166   
07C9 7533C6     167            mov number, #198 ;240
07CC 1205F7     168            lcall playnumbers
07CF            169   
07CF 7533D9     170            mov number, #217 ;31
07D2 1205F7     171            lcall playnumbers
07D5            172   
07D5 753376     173            mov number, #118 ;73
07D8 1205F7     174            lcall playnumbers
07DB            175   
07DB 753377     176            mov number, #119 ;19
07DE 1205F7     177            lcall playnumbers
07E1            178   
07E1 753372     179            mov number, #114
07E4 1205F7     180            lcall playnumbers
07E7            181   
07E7 753373     182            mov number, #115
07EA 1205F7     183            lcall playnumbers
07ED            184   
07ED 75336F     185            mov number, #111
07F0 1205F7     186            lcall playnumbers
07F3            187   
07F3 753370     188            mov number, #112
07F6 1205F7     189            lcall playnumbers
07F9            190   
07F9 753371     191            mov number, #113
07FC 1205F7     192            lcall playnumbers
07FF            193   
07FF 753377     194            mov number, #119
0802 1205F7     195            lcall playnumbers
0805            196   
0805 02077B     197            ljmp forever_loop
